// Jest Snapshot v1, https://goo.gl/fbAQLP

exports[`Chart component should have the correct id 1`] = `
<div
  id="chart"
>
  <div
    style={
      Object {
        "height": "100%",
        "width": "100%",
      }
    }
  />
</div>
`;
