// Jest Snapshot v1, https://goo.gl/fbAQLP

exports[`Block component should have the correct id 1`] = `
<div
  className="block"
>
  <div
    style={
      Object {
        "width": "undefined%",
      }
    }
  />
  <span>
    test
     (
    %)
  </span>
</div>
`;
